{
  "stderr": "The generation file provided doesn't have the 'generateBinding' method.",
  "exitCode": 1
}
