{
  "stdout": [
    "Types were generated successfully"
  ],
  "exitCode": 0
}
