{
  "stdout": [
    "Manifest loaded from ./polywrap.plugin.yaml",
    "Generate types",
    "Manifest written to ./build/wrap.info"
  ],
  "exitCode": 0
}
