{
  "stdout": [
    "Failed to compile Polywrap",
    "File 'src/wrap/entry.ts' not found"
  ],
  "exitCode": 1
}
