{
  "stdout": [
    "Artifacts written to ./build",
    "WRAP manifest written in ./build"
  ],
  "exitCode": 0
}
