{
  "stderr": [
    "ENOENT",
    "wrong/schema.graphql"
  ],
  "exitCode": 1
}
