[
  "wrap.wasm",
  "wrap.info",
  "README.md",
  "test/resource.txt"
]