{
  "stdout": [
    "Manifest loaded from ./polywrap.custom.plugin.yaml",
    "Generate types",
    "Types were generated successfully"
  ],
  "exitCode": 0
}
