{
  "stderr": "instance is not allowed to have the additional property \"wrong\"",
  "exitCode": 1
}
