{
  "stderr": "requires property \"include\"",
  "exitCode": 1
}
