{
  "stdout": ["Manifest written to ./build/wrap.info"],
  "exitCode": 0
}
